// Jest Snapshot v1, https://goo.gl/fbAQLP

exports[`card heading component should render with children 1`] = `
<h2
  class="card-heading__CardHeading-sc-1332skt-0 fixKTT"
>
  Hello World
</h2>
`;
