// Jest Snapshot v1, https://goo.gl/fbAQLP

exports[`card header component should render with children 1`] = `
<div
  class="card-header__CardHeader-sc-17r9xuv-0 gBUQMR card-header"
>
  Hello World
</div>
`;
