// Jest Snapshot v1, https://goo.gl/fbAQLP

exports[`list component should render without props 1`] = `
<ul
  class="list__List-sc-1hr42jb-0 gyRVVx"
/>
`;
