// Jest Snapshot v1, https://goo.gl/fbAQLP

exports[`should render with url 1`] = `
<li
  class="nav-item"
>
  <a
    class="nav-link link__StyledInternalLink-sc-1m1n17q-1 kIqcgN"
    href="/trades/"
  >
    Trades
  </a>
</li>
`;
