// Jest Snapshot v1, https://goo.gl/fbAQLP

exports[`page not found component should render without props 1`] = `
<div
  class="page-layout__StyledPageLayout-cls0ob-1 djvvIo"
>
  <div
    class="container__StyledContainer-cj53s7-0 eMKfDZ page-layout__PageBody-cls0ob-0 jrvuaA container-fluid"
  >
    <div
      class="error-message__StyledErrorMessage-sc-1wau1ja-0 iieVxL sc-bdVaJa jrDMCH"
    >
      <div
        class="error-message__CopyWrapper-sc-1wau1ja-1 dNhivl"
      >
        <h1
          class="h1__H1-sc-1ha1x4u-0 VRpIX"
        >
          Page Not Found
        </h1>
        <p
          class="lead__Lead-sc-1kvewtn-0 iBJMsa"
        >
          Oops, the page you requested doesnâ€˜t exist.
        </p>
        <a
          class="link__InternalLink-sc-1m1n17q-1 kIJfjy"
          href="/"
        >
          Back to Dashboard
        </a>
      </div>
      <a
        class="link__OutboundLink-sc-1m1n17q-0 dFkevI error-message__GhostLink-sc-1wau1ja-2 ldtSSD"
        href="https://react-kawaii.now.sh/"
        rel="noopener noreferrer"
        target="_blank"
      >
        <div
          style="position: relative;"
        >
          <svg
            height="240"
            viewBox="0 0 130 168"
            width="184.8"
            xmlns="http://www.w3.org/2000/svg"
            xmlns:xlink="http://www.w3.org/1999/xlink"
          >
            <g
              id="kawaii-ghost"
            >
              <g
                id="kawaii-ghost__body"
              >
                <path
                  d="M63.004.034C27.572 1.238 0 36.002 0 76.472v76.272c0 8.116 5.832 14.718 13 14.718s13-6.602 13-14.718c0-2.705 1.944-4.906 4.333-4.906 2.39 0 4.334 2.2 4.334 4.906 0 8.116 5.831 14.718 13 14.718 3.472 0 6.737-1.53 9.192-4.31 2.456-2.78 3.808-6.477 3.807-10.408 0-2.712 1.939-4.906 4.334-4.906 2.39 0 4.333 2.2 4.333 4.906 0 8.116 5.832 14.718 13 14.718 7.169 0 13-6.602 13-14.718 0-2.705 1.944-4.906 4.334-4.906 2.39 0 4.333 2.2 4.333 4.906 0 8.116 5.832 14.718 13 14.718s13-6.602 13-14.718V73.592c0-41.028-29.82-74.82-66.996-73.558z"
                  fill="#dbddea"
                  id="kawaii-ghost__shape"
                />
                <path
                  d="M111.5 166.08c4.427-2.35 7.5-7.444 7.5-13.336V73.592C119 35.918 93.857 4.346 60.962.412a6.603 6.603 0 0 1 2.042-.378C100.181-1.228 130 32.564 130 73.592v79.152c0 8.116-5.832 14.718-13 14.718-1.965 0-3.829-.496-5.5-1.383z"
                  fill="#000000"
                  fill-opacity=".1"
                  id="kawaii-ghost__shadow"
                />
              </g>
              <g
                id="kawaii-face"
                transform="translate(34 57)"
              >
                <defs>
                  <path
                    d="M1.45656876,3.14684877 C1.45656876,3.14684877 1.45656876,3.14684877 1.45656876,3.14684877 L0,3.14685315 C0,2.31818182 0.346033696,1.50734266 0.949429952,0.922027972 C1.55390756,0.335664336 2.38979521,0 3.2440659,0 L25.9525272,0 C26.8067979,0 27.6416041,0.335664336 28.2460818,0.922027972 C28.8505594,1.50734266 29.1965931,2.31818182 29.1965931,3.14685315 C29.1890236,5.85734266 28.240675,8.44825175 26.7127199,10.6814685 C25.1771954,12.9104895 23.0317865,14.8122378 20.4040931,16.0227273 C18.6544603,16.8251748 16.6809868,17.3087413 14.5982965,17.3076923 C11.4666916,17.3076923 8.61299495,16.2241259 6.33025392,14.5951049 C4.0399434,12.9587413 2.264358,10.779021 1.16245695,8.33811189 C0.431460764,6.70909091 0.0010813553,4.95314685 0,3.14685315 L1.45656896,3.14685315 Z"
                    id="kawaii-face__path-1"
                  />
                </defs>
                <g
                  id="kawaii-face__mouth"
                  transform="translate(18.000000, 16.000000)"
                >
                  <path
                    d="M6,1.9999998 C6.00066667,3.14799969 6.26599997,4.26466625 6.7166666,5.29933281 C7.39599986,6.85066599 8.49066642,8.23599919 9.90199962,9.27666575 C11.3099995,10.311999 13.0693326,10.9999989 14.9999991,10.9999989 C16.283999,11.0006656 17.5006655,10.6939989 18.5793321,10.1833323 C20.1993319,9.41466574 21.5219985,8.20599919 22.468665,6.788666 C23.4106649,5.36999947 23.9953316,3.72333297 23.9999982,1.9999998 C23.9999982,0.895333245 23.104665,7.10542736e-15 21.9999984,7.10542736e-15 C20.8953319,7.10542736e-15 19.9999986,0.895333245 19.9999986,1.9999998 C20.0006653,2.51933308 19.8739986,3.11066636 19.6166653,3.7006663 C19.233332,4.58733288 18.5526654,5.4513328 17.7299988,6.0519994 C16.9033323,6.65733268 15.9686657,6.99999931 14.9999991,6.99999931 C14.3513325,6.99999931 13.7259992,6.84799932 13.1299993,6.56666602 C12.2373327,6.14866606 11.4226661,5.4193328 10.8599995,4.57066622 C10.2919996,3.7246663 9.99533294,2.77733306 9.99999961,1.9999998 C9.99999961,0.895333245 9.10466636,7.10542736e-15 7.9999998,7.10542736e-15 C6.89533325,7.10542736e-15 6,0.895333245 6,1.9999998"
                    fill="#000000"
                    id="kawaii-face__mouth__sad"
                    transform="translate(14.999999, 5.500000) scale(1, -1) translate(-14.999999, -5.500000)"
                  />
                </g>
                <g
                  fill="#000000"
                  id="kawaii-face__blush"
                  opacity="0.2"
                  transform="translate(0.000000, 15.000000)"
                >
                  <circle
                    cx="3"
                    cy="3"
                    id="Oval"
                    r="3"
                  />
                  <circle
                    cx="63"
                    cy="3"
                    id="Oval"
                    r="3"
                  />
                </g>
                <g
                  fill="#000000"
                  id="kawaii-face__eyes"
                  transform="translate(2.000000, 0.000000)"
                >
                  <g
                    fill-rule="nonzero"
                    id="kawaii-face__eyes__ko"
                    transform="translate(1.500000, 1.000000)"
                  >
                    <path
                      d="M52.9142136,5.03553391 L50.4393398,2.56066017 C49.8535534,1.97487373 49.8535534,1.02512627 50.4393398,0.439339828 C51.0251263,-0.146446609 51.9748737,-0.146446609 52.5606602,0.439339828 L55.0355339,2.91421356 L57.5104076,0.439339828 C58.0961941,-0.146446609 59.0459415,-0.146446609 59.631728,0.439339828 C60.2175144,1.02512627 60.2175144,1.97487373 59.631728,2.56066017 L57.1568542,5.03553391 L59.631728,7.51040764 C60.2175144,8.09619408 60.2175144,9.04594155 59.631728,9.63172798 C59.0459415,10.2175144 58.0961941,10.2175144 57.5104076,9.63172798 L55.0355339,7.15685425 L52.5606602,9.63172798 C51.9748737,10.2175144 51.0251263,10.2175144 50.4393398,9.63172798 C49.8535534,9.04594155 49.8535534,8.09619408 50.4393398,7.51040764 L52.9142136,5.03553391 Z"
                      id="Cross"
                    />
                    <path
                      d="M2.91421356,5.03553391 L0.439339828,2.56066017 C-0.146446609,1.97487373 -0.146446609,1.02512627 0.439339828,0.439339828 C1.02512627,-0.146446609 1.97487373,-0.146446609 2.56066017,0.439339828 L5.03553391,2.91421356 L7.51040764,0.439339828 C8.09619408,-0.146446609 9.04594155,-0.146446609 9.63172798,0.439339828 C10.2175144,1.02512627 10.2175144,1.97487373 9.63172798,2.56066017 L7.15685425,5.03553391 L9.63172798,7.51040764 C10.2175144,8.09619408 10.2175144,9.04594155 9.63172798,9.63172798 C9.04594155,10.2175144 8.09619408,10.2175144 7.51040764,9.63172798 L5.03553391,7.15685425 L2.56066017,9.63172798 C1.97487373,10.2175144 1.02512627,10.2175144 0.439339828,9.63172798 C-0.146446609,9.04594155 -0.146446609,8.09619408 0.439339828,7.51040764 L2.91421356,5.03553391 Z"
                      id="Cross"
                    />
                  </g>
                </g>
              </g>
            </g>
          </svg>
        </div>
      </a>
    </div>
  </div>
</div>
`;
