// Jest Snapshot v1, https://goo.gl/fbAQLP

exports[`page layout component should render with children 1`] = `
<div
  class="page-layout__StyledPageLayout-cls0ob-1 erAgYD"
>
  <div
    class="container__StyledContainer-cj53s7-0 fLJuGb page-layout__PageBody-cls0ob-0 kCvweN container-fluid"
  >
    Hello World
  </div>
</div>
`;
