// Jest Snapshot v1, https://goo.gl/fbAQLP

exports[`pill component should render with children 1`] = `
<span
  class="pill__Pill-vlx7yx-0 eKLBnG"
>
  Hello World
</span>
`;
