// Jest Snapshot v1, https://goo.gl/fbAQLP

exports[`caret right icon component should render without props 1`] = `
<svg
  aria-hidden="true"
  class="sc-AykKC gOjhcY"
  fill="currentColor"
  focusable="false"
  viewBox="0 0 192 512"
  xmlns="http://www.w3.org/2000/svg"
>
  <path
    d="M0 384.662V127.338c0-17.818 21.543-26.741 34.142-14.142l128.662 128.662c7.81 7.81 7.81 20.474 0 28.284L34.142 398.804C21.543 411.404 0 402.48 0 384.662z"
    fill="currentColor"
  />
</svg>
`;
