// Jest Snapshot v1, https://goo.gl/fbAQLP

exports[`close icon component should render without props 1`] = `
.c0 {
  display: inline-block;
  vertical-align: middle;
  overflow: hidden;
}

<svg
  aria-hidden="true"
  class="c0"
  fill="currentColor"
  focusable="false"
  viewBox="0 0 24 24"
>
  <path
    d="M19 6.41L17.59 5 12 10.59 6.41 5 5 6.41 10.59 12 5 17.59 6.41 19 12 13.41 17.59 19 19 17.59 13.41 12z"
  />
</svg>
`;
