// Jest Snapshot v1, https://goo.gl/fbAQLP

exports[`menu icon component should render without props 1`] = `
<svg
  aria-hidden="true"
  class="sc-AykKC gOjhcY"
  fill="currentColor"
  focusable="false"
  viewBox="0 0 448 512"
  xmlns="http://www.w3.org/2000/svg"
>
  <path
    d="M16 132h416c8.837 0 16-7.163 16-16V76c0-8.837-7.163-16-16-16H16C7.163 60 0 67.163 0 76v40c0 8.837 7.163 16 16 16zm0 160h416c8.837 0 16-7.163 16-16v-40c0-8.837-7.163-16-16-16H16c-8.837 0-16 7.163-16 16v40c0 8.837 7.163 16 16 16zm0 160h416c8.837 0 16-7.163 16-16v-40c0-8.837-7.163-16-16-16H16c-8.837 0-16 7.163-16 16v40c0 8.837 7.163 16 16 16z"
    fill="currentColor"
  />
</svg>
`;
