// Jest Snapshot v1, https://goo.gl/fbAQLP

exports[`renders with basic props 1`] = `
.c3 {
  color: #3f4ac3;
  cursor: pointer;
}

.c3:hover {
  color: inherit;
  -webkit-text-decoration: none;
  text-decoration: none;
}

.c0 {
  color: #3f4ac3;
  cursor: pointer;
}

.c0:hover {
  color: inherit;
  -webkit-text-decoration: none;
  text-decoration: none;
}

.c1 {
  display: inline-block;
  vertical-align: -.125em;
  overflow: hidden;
}

.c2 {
  color: #6C6B80;
  font-size: 0.9rem;
}

<table
  class="table table-responsive"
>
  <thead>
    <tr>
      <th>
        #
      </th>
      <th
        colspan="2"
      >
        Relayer
      </th>
      <th
        class="text-right"
      >
        Trades (
        24H
        )
      </th>
      <th
        class="text-right"
      >
        Volume (
        24H
        )
      </th>
    </tr>
  </thead>
  <tbody>
    <tr>
      <td
        class="align-middle"
      >
        1
      </td>
      <td
        class="align-middle"
      >
        <a
          class="c0"
          href="/relayers/ddex"
        >
          <svg
            aria-hidden="true"
            class="c1"
            color="#dcdde4"
            fill="currentColor"
            focusable="false"
            height="40"
            viewBox="0 0 448 512"
            width="40"
          >
            <path
              d="M400 32H48C21.5 32 0 53.5 0 80v352c0 26.5 21.5 48 48 48h352c26.5 0 48-21.5 48-48V80c0-26.5-21.5-48-48-48z"
              fill="currentColor"
            />
          </svg>
        </a>
      </td>
      <td
        class="align-middle"
        width="99%"
      >
        <a
          class="c0"
          href="/relayers/ddex"
        >
          DDEX
        </a>
        <br />
        <a
          _css="#6C6B80"
          class="c2 c3"
          href="https://ddex.io"
          rel="noopener noreferrer"
          target="_blank"
        >
          https://ddex.io
        </a>
      </td>
      <td
        class="align-middle text-right"
      >
        256
      </td>
      <td
        class="align-middle text-right"
      >
        <span>
          $150,456.56
        </span>
      </td>
    </tr>
    <tr>
      <td
        class="align-middle"
      >
        2
      </td>
      <td
        class="align-middle"
      >
        <a
          class="c0"
          href="/relayers/paradex"
        >
          <svg
            aria-hidden="true"
            class="c1"
            color="#dcdde4"
            fill="currentColor"
            focusable="false"
            height="40"
            viewBox="0 0 448 512"
            width="40"
          >
            <path
              d="M400 32H48C21.5 32 0 53.5 0 80v352c0 26.5 21.5 48 48 48h352c26.5 0 48-21.5 48-48V80c0-26.5-21.5-48-48-48z"
              fill="currentColor"
            />
          </svg>
        </a>
      </td>
      <td
        class="align-middle"
        width="99%"
      >
        <a
          class="c0"
          href="/relayers/paradex"
        >
          Paradex
        </a>
        <br />
        <a
          _css="#6C6B80"
          class="c2 c3"
          href="https://paradex.io"
          rel="noopener noreferrer"
          target="_blank"
        >
          https://paradex.io
        </a>
      </td>
      <td
        class="align-middle text-right"
      >
        345
      </td>
      <td
        class="align-middle text-right"
      >
        <span>
          $124,000.00
        </span>
      </td>
    </tr>
    <tr>
      <td
        class="align-middle"
      >
        3
      </td>
      <td
        class="align-middle"
      >
        <a
          class="c0"
          href="/relayers/radar-relay"
        >
          <svg
            aria-hidden="true"
            class="c1"
            color="#dcdde4"
            fill="currentColor"
            focusable="false"
            height="40"
            viewBox="0 0 448 512"
            width="40"
          >
            <path
              d="M400 32H48C21.5 32 0 53.5 0 80v352c0 26.5 21.5 48 48 48h352c26.5 0 48-21.5 48-48V80c0-26.5-21.5-48-48-48z"
              fill="currentColor"
            />
          </svg>
        </a>
      </td>
      <td
        class="align-middle"
        width="99%"
      >
        <a
          class="c0"
          href="/relayers/radar-relay"
        >
          Radar Relay
        </a>
        <br />
        <a
          _css="#6C6B80"
          class="c2 c3"
          href="https://radarrelay.com"
          rel="noopener noreferrer"
          target="_blank"
        >
          https://radarrelay.com
        </a>
      </td>
      <td
        class="align-middle text-right"
      >
        512
      </td>
      <td
        class="align-middle text-right"
      >
        <span>
          $100,000.00
        </span>
      </td>
    </tr>
    <tr
      class="faded"
    >
      <td
        class="align-middle"
      >
        4
      </td>
      <td
        class="align-middle"
      >
        <a
          class="c0"
          href="/relayers/sad-relayer"
        >
          <svg
            aria-hidden="true"
            class="c1"
            color="#dcdde4"
            fill="currentColor"
            focusable="false"
            height="40"
            viewBox="0 0 448 512"
            width="40"
          >
            <path
              d="M400 32H48C21.5 32 0 53.5 0 80v352c0 26.5 21.5 48 48 48h352c26.5 0 48-21.5 48-48V80c0-26.5-21.5-48-48-48z"
              fill="currentColor"
            />
          </svg>
        </a>
      </td>
      <td
        class="align-middle"
        width="99%"
      >
        <a
          class="c0"
          href="/relayers/sad-relayer"
        >
          Sad Relayer
        </a>
        <br />
        <a
          _css="#6C6B80"
          class="c2 c3"
          href="https://google.com"
          rel="noopener noreferrer"
          target="_blank"
        >
          https://google.com
        </a>
      </td>
      <td
        class="align-middle text-right"
      >
        -
      </td>
      <td
        class="align-middle text-right"
      >
        -
      </td>
    </tr>
  </tbody>
</table>
`;
